// Jest Snapshot v1, https://goo.gl/fbAQLP

exports[`Pruebas en <Form /> debe de mostrarse correctamente 1`] = `
<form
  className="form"
  onSubmit={[Function]}
>
  <h2
    className="form__title"
  >
    Bienvenido a 
    <strong>
      Avianca
    </strong>
  </h2>
  <div
    className="content"
  >
    <label
      htmlFor="Name"
    >
      Nombre completo
    </label>
    <input
      className="input"
      id="Name"
      name="Name"
      onChange={[Function]}
      placeholder="Nombre completo"
      type="text"
      value=""
    />
  </div>
  <div
    className="content"
  >
    <label
      htmlFor="Email"
    >
      Correo
    </label>
    <input
      className="input"
      id="Email"
      name="Email"
      onChange={[Function]}
      placeholder="Correo"
      type="email"
      value=""
    />
  </div>
  <div
    className="content"
  >
    <label
      htmlFor="Cellphone"
    >
      Celular
    </label>
    <input
      className="input"
      id="Cellphone"
      name="Cellphone"
      onChange={[Function]}
      placeholder="Celular"
      type="text"
      value=""
    />
  </div>
  <div
    className="content"
  >
    <label
      htmlFor="Age"
    >
      Edad
    </label>
    <select
      className="inputSelect"
      id="Age"
      name="Age"
      onChange={[Function]}
      value=""
    >
      <option
        value="DEFAULT"
      >
        Selecciona Edad
      </option>
      <option
        value="18"
      >
        18
         años
      </option>
      <option
        value="19"
      >
        19
         años
      </option>
      <option
        value="20"
      >
        20
         años
      </option>
      <option
        value="21"
      >
        21
         años
      </option>
      <option
        value="22"
      >
        22
         años
      </option>
      <option
        value="23"
      >
        23
         años
      </option>
      <option
        value="24"
      >
        24
         años
      </option>
      <option
        value="25"
      >
        25
         años
      </option>
      <option
        value="26"
      >
        26
         años
      </option>
      <option
        value="27"
      >
        27
         años
      </option>
      <option
        value="28"
      >
        28
         años
      </option>
      <option
        value="29"
      >
        29
         años
      </option>
      <option
        value="30"
      >
        30
         años
      </option>
      <option
        value="31"
      >
        31
         años
      </option>
      <option
        value="32"
      >
        32
         años
      </option>
      <option
        value="33"
      >
        33
         años
      </option>
      <option
        value="34"
      >
        34
         años
      </option>
      <option
        value="35"
      >
        35
         años
      </option>
      <option
        value="36"
      >
        36
         años
      </option>
      <option
        value="37"
      >
        37
         años
      </option>
      <option
        value="38"
      >
        38
         años
      </option>
      <option
        value="39"
      >
        39
         años
      </option>
      <option
        value="40"
      >
        40
         años
      </option>
      <option
        value="41"
      >
        41
         años
      </option>
      <option
        value="42"
      >
        42
         años
      </option>
      <option
        value="43"
      >
        43
         años
      </option>
      <option
        value="44"
      >
        44
         años
      </option>
      <option
        value="45"
      >
        45
         años
      </option>
      <option
        value="46"
      >
        46
         años
      </option>
      <option
        value="47"
      >
        47
         años
      </option>
      <option
        value="48"
      >
        48
         años
      </option>
      <option
        value="49"
      >
        49
         años
      </option>
      <option
        value="50"
      >
        50
         años
      </option>
      <option
        value="51"
      >
        51
         años
      </option>
      <option
        value="52"
      >
        52
         años
      </option>
      <option
        value="53"
      >
        53
         años
      </option>
      <option
        value="54"
      >
        54
         años
      </option>
      <option
        value="55"
      >
        55
         años
      </option>
      <option
        value="56"
      >
        56
         años
      </option>
      <option
        value="57"
      >
        57
         años
      </option>
      <option
        value="58"
      >
        58
         años
      </option>
      <option
        value="59"
      >
        59
         años
      </option>
      <option
        value="60"
      >
        60
         años
      </option>
      <option
        value="61"
      >
        61
         años
      </option>
      <option
        value="62"
      >
        62
         años
      </option>
      <option
        value="63"
      >
        63
         años
      </option>
      <option
        value="64"
      >
        64
         años
      </option>
      <option
        value="65"
      >
        65
         años
      </option>
      <option
        value="66"
      >
        66
         años
      </option>
      <option
        value="67"
      >
        67
         años
      </option>
      <option
        value="68"
      >
        68
         años
      </option>
      <option
        value="69"
      >
        69
         años
      </option>
      <option
        value="70"
      >
        70
         años
      </option>
      <option
        value="71"
      >
        71
         años
      </option>
      <option
        value="72"
      >
        72
         años
      </option>
      <option
        value="73"
      >
        73
         años
      </option>
      <option
        value="74"
      >
        74
         años
      </option>
      <option
        value="75"
      >
        75
         años
      </option>
      <option
        value="76"
      >
        76
         años
      </option>
      <option
        value="77"
      >
        77
         años
      </option>
      <option
        value="78"
      >
        78
         años
      </option>
      <option
        value="79"
      >
        79
         años
      </option>
      <option
        value="80"
      >
        80
         años
      </option>
      <option
        value="81"
      >
        81
         años
      </option>
      <option
        value="82"
      >
        82
         años
      </option>
      <option
        value="83"
      >
        83
         años
      </option>
      <option
        value="84"
      >
        84
         años
      </option>
      <option
        value="85"
      >
        85
         años
      </option>
      <option
        value="86"
      >
        86
         años
      </option>
      <option
        value="87"
      >
        87
         años
      </option>
      <option
        value="88"
      >
        88
         años
      </option>
      <option
        value="89"
      >
        89
         años
      </option>
      <option
        value="90"
      >
        90
         años
      </option>
      <option
        value="91"
      >
        91
         años
      </option>
      <option
        value="92"
      >
        92
         años
      </option>
      <option
        value="93"
      >
        93
         años
      </option>
      <option
        value="94"
      >
        94
         años
      </option>
      <option
        value="95"
      >
        95
         años
      </option>
      <option
        value="96"
      >
        96
         años
      </option>
      <option
        value="97"
      >
        97
         años
      </option>
      <option
        value="98"
      >
        98
         años
      </option>
      <option
        value="99"
      >
        99
         años
      </option>
      <option
        value="100"
      >
        100
         años
      </option>
    </select>
  </div>
  <button
    className="button"
    type="submit"
  >
    Enviar
  </button>
</form>
`;
